
> ai-trend-viewer@0.1.0 build
> next build

   笆ｲ Next.js 16.0.10 (Turbopack)
   - Environments: .env.local

   Creating an optimized production build ...
 笨・Compiled successfully in 3.4s
   Running TypeScript ...
node.exe : Failed to compile.
発生場所 行:1 文字:1
+ & "C:\Program Files\nodejs/node.exe" "C:\Program 
Files\nodejs/node_mo ...
+ ~~~~~~~~~~~~~~~~~~~~~~~~~~~~~~~~~~~~~~~~~~~~~~~~~
~~~~~~~~~~~~~~~~~~~~
    + CategoryInfo          : NotSpecified: (Faile 
   d to compile.:String) [], RemoteException
    + FullyQualifiedErrorId : NativeCommandError
 

./scripts/podcast/auto-generate.ts:10:25
Type error: Cannot find module '../../types' or its
 corresponding type declarations.

[0m [90m  8 |[39m
 [90m  9 |[39m [36mimport[39m { generatePodcast
Audio } [36mfrom[39m [32m'./generate'[39m[33m;
[39m
[31m[1m>[22m[39m[90m 10 |[39m [36mimport[39
m { [33mArticle[39m } [36mfrom[39m [32m'../../
types'[39m[33m;[39m
 [90m    |[39m                         [31m[1m^
[22m[39m
 [90m 11 |[39m
 [90m 12 |[39m [36mconst[39m [33mPOSTS_PATH[3
9m [33m=[39m path[33m.[39mjoin(process[33m.[3
9mcwd()[33m,[39m [32m'data'[39m[33m,[39m [32
m'posts.json'[39m)[33m;[39m
 [90m 13 |[39m[0m
Next.js build worker exited with code: 1 and signal
: null
