scripts/fetchers/rss.ts(13,15): error TS2322: Type '{ id: string; title: string; source: string; url: string; summary: string; publishedAt: string; author: string | undefined; category: any; originalContent: string; }[]' is not assignable to type 'Article[]'.
  Type '{ id: string; title: string; source: string; url: string; summary: string; publishedAt: string; author: string | undefined; category: any; originalContent: string; }' is not assignable to type 'Article'.
    Types of property 'source' are incompatible.
      Type 'string' is not assignable to type '"arxiv" | "rss" | "x" | "other"'.
